// Jest Snapshot v1, https://goo.gl/fbAQLP

exports[`<App /> renders correctly 1`] = `
<RNCSafeAreaProvider
  onInsetsChange={[Function]}
  style={
    [
      {
        "flex": 1,
      },
      undefined,
    ]
  }
>
  <View
    collapsable={false}
    pointerEvents="box-none"
    style={
      {
        "flex": 1,
      }
    }
  >
    <RNCSafeAreaProvider
      onInsetsChange={[Function]}
      style={
        [
          {
            "flex": 1,
          },
          undefined,
        ]
      }
    >
      <RNCSafeAreaProvider
        onInsetsChange={[Function]}
        style={
          [
            {
              "flex": 1,
            },
            undefined,
          ]
        }
      >
        <View
          onLayout={[Function]}
          style={
            [
              [
                {
                  "alignContent": "center",
                  "backgroundColor": "hsl(0, 0%, 100%)",
                  "flex": 1,
                  "justifyContent": "center",
                },
                undefined,
              ],
              {
                "paddingBottom": 0,
              },
            ]
          }
        >
          <RCTScrollView
            alwaysBounceVertical={false}
            contentContainerStyle={
              [
                {
                  "alignContent": "center",
                  "flexGrow": 1,
                  "justifyContent": "center",
                  "paddingBottom": 0,
                  "paddingLeft": 0,
                  "paddingRight": 0,
                  "paddingTop": 0,
                },
                undefined,
              ]
            }
            keyboardShouldPersistTaps="handled"
            style={
              [
                {},
                undefined,
              ]
            }
          >
            <View>
              <View
                style={
                  {
                    "marginHorizontal": 16,
                  }
                }
              />
            </View>
          </RCTScrollView>
        </View>
      </RNCSafeAreaProvider>
    </RNCSafeAreaProvider>
  </View>
</RNCSafeAreaProvider>
`;
